TCP CONNECT 10.204.190.244 7373
TCP CONNECTED
RX RAW: ixuisnjeskyoxhqy\n
AUTH SALT: ixuisnjeskyoxhqy
AUTH SHA1: d2d2f25e1df57c6a2e686b1b96d5708aaccac6b0
RX RAW: o1,0\n
RX: o1,0
TCP TX: x
RX RAW: G00\nSs66.1,13,0,236\n\n
RX: G00
RX: Ss66.1,13,0,236
RX RAW: OK\nT107000\nB0\nSs66.1,12,0,236\n\n
RX: OK
TCP TX: T107000
TCP TX: B0
TCP TX: W0
TCP TX: D0
TCP TX: A2
TCP TX: G00
TCP TX: I0
RX: T107000
FREQUENCY SAVED: 107000
RX: B0
RX: Ss66.1,12,0,236
RX RAW: Ss
RX RAW: 66.0,11,1,236\n\nT107000\n
RX: Ss66.0,11,1,236
RX: T107000
FREQUENCY SAVED: 107000
RX RAW: Ss
RX RAW: 66.0,12,1,236\n\nB0\n
RX: Ss66.0,12,1,236
RX: B0
RX RAW: W0\n
RX: W0
RX RAW: W0\n
RX: W0
RX RAW: Ss66.0,11,0,236\n\n
RX: Ss66.0,11,0,236
RX RAW: D0\n
RX: D0
RX RAW: A2\n
RX: A2
RX RAW: G00\n
RX: G00
RX RAW: Ss
RX RAW: 65.9,7,1,236\n\n
RX: Ss65.9,7,1,236
RX RAW: I30\n
RX: I30
PE5PVB FM-Suchempfindlichkeit: 30
RX RAW: Ss
RX RAW: 65.8,7,1,236\n\n
RX: Ss65.8,7,1,236
RX RAW: Ss
RX RAW: 65.9,9,0,236\n\n
RX: Ss65.9,9,0,236
RX RAW: Ss
RX RAW: 65.8,13,0,236\n\n
RX: Ss65.8,13,0,236
RX RAW: Ss
RX RAW: 65.9,9,1,236\n\n
RX: Ss65.9,9,1,236
RX RAW: Ss
RX RAW: 65.9,11,0,236\n\n
RX: Ss65.9,11,0,236
RX RAW: Ss
RX RAW: 65.9,12,0,236\n\n
RX: Ss65.9,12,0,236
RX RAW: Ss
RX RAW: 65.8,12,1,236\n\n
RX: Ss65.8,12,1,236
RX RAW: Ss
RX RAW: 66.0,12,0,236\n\n
RX: Ss66.0,12,0,236
RX RAW: Ss
RX RAW: 66.0,5,1,236\n\n
RX: Ss66.0,5,1,236
RX RAW: Ss
RX RAW: 66.1,12,0,236\n\n
RX: Ss66.1,12,0,236
RX RAW: Ss
RX RAW: 66.1,12,0,236\n\n
RX: Ss66.1,12,0,236
RX RAW: Ss
RX RAW: 66.2,13,1,236\n\n
RX: Ss66.2,13,1,236
RX RAW: Ss
RX RAW: 66.0,11,0,236\n\n
RX: Ss66.0,11,0,236
RX RAW: Ss
RX RAW: 65.9,9,0,236\n\n
RX: Ss65.9,9,0,236
RX RAW: Ss
RX RAW: 66.0,9,1,236\n\n
RX: Ss66.0,9,1,236
RX RAW: Ss
RX RAW: 66.1,12,0,236\n\n
RX: Ss66.1,12,0,236
RX RAW: Ss
RX RAW: 65.9,8,0,236\n\n
RX: Ss65.9,8,0,236
RX RAW: Ss
RX RAW: 66.1,11,0,236\n\n
RX: Ss66.1,11,0,236
RX RAW: Ss
RX RAW: 66.1,10,0,236\n\n
RX: Ss66.1,10,0,236
RX RAW: Ss
RX RAW: 66.2,12,1,236\n\n
RX: Ss66.2,12,1,236
RX RAW: Ss
RX RAW: 66.2,10,1,236\n\n
RX: Ss66.2,10,1,236
RX RAW: Ss
RX RAW: 66.2,10,1,236\n\n
RX: Ss66.2,10,1,236
RX RAW: Ss
RX RAW: 66.0,9,1,236\n\n
RX: Ss66.0,9,1,236
RX RAW: Ss
RX RAW: 65.9,9,0,236\n\n
RX: Ss65.9,9,0,236
RX RAW: Ss
RX RAW: 65.7,9,1,236\n\n
RX: Ss65.7,9,1,236
RX RAW: Ss
RX RAW: 65.6,6,0,236\n\n
RX: Ss65.6,6,0,236
RX RAW: Ss
RX RAW: 65.7,12,1,236\n\n
RX: Ss65.7,12,1,236
RX RAW: Ss
RX RAW: 65.6,10,1,236\n\n
RX: Ss65.6,10,1,236
RX RAW: Ss
RX RAW: 65.7,11,0,236\n\n
RX: Ss65.7,11,0,236
RX RAW: Ss
RX RAW: 65.6,9,1,236\n\n
RX: Ss65.6,9,1,236
RX RAW: Ss
RX RAW: 65.6,8,0,236\n\n
RX: Ss65.6,8,0,236
RX RAW: Ss
RX RAW: 65.6,9,0,236\n\n
RX: Ss65.6,9,0,236
RX RAW: Ss
RX RAW: 65.7,11,1,236\n\n
RX: Ss65.7,11,1,236
RX RAW: Ss
RX RAW: 65.8,8,0,236\n\n
RX: Ss65.8,8,0,236
RX RAW: Ss
RX RAW: 65.8,11,0,236\n\n
RX: Ss65.8,11,0,236
RX RAW: Ss
RX RAW: 65.8,12,1,236\n\n
RX: Ss65.8,12,1,236
RX RAW: Ss
RX RAW: 65.7,12,0,236\n\n
RX: Ss65.7,12,0,236
RX RAW: Ss
RX RAW: 65.8,13,1,236\n\n
RX: Ss65.8,13,1,236
RX RAW: Ss
RX RAW: 65.8,8,1,236\n\n
RX: Ss65.8,8,1,236
RX RAW: Ss
RX RAW: 65.8,8,1,236\n\n
RX: Ss65.8,8,1,236
RX RAW: Ss
RX RAW: 65.8,12,0,236\n\n
RX: Ss65.8,12,0,236
RX RAW: Ss
RX RAW: 65.8,9,1,236\n\n
RX: Ss65.8,9,1,236
RX RAW: Ss
RX RAW: 65.8,11,1,236\n\n
RX: Ss65.8,11,1,236
RX RAW: Ss
RX RAW: 66.0,11,1,236\n\n
RX: Ss66.0,11,1,236
RX RAW: Ss
RX RAW: 66.0,12,0,236\n\n
RX: Ss66.0,12,0,236
RX RAW: Ss
RX RAW: 65.9,11,1,236\n\n
RX: Ss65.9,11,1,236
RX RAW: Ss
RX RAW: 65.9,10,0,236\n\n
RX: Ss65.9,10,0,236
RX RAW: Ss
RX RAW: 65.8,8,0,236\n\n
RX: Ss65.8,8,0,236
RX RAW: Ss
RX RAW: 66.0,8,1,236\n\n
RX: Ss66.0,8,1,236
RX RAW: Ss
RX RAW: 65.9,9,1,236\n\n
RX: Ss65.9,9,1,236
RX RAW: Ss
RX RAW: 65.8,7,1,236\n\n
RX: Ss65.8,7,1,236
RX RAW: Ss
RX RAW: 65.7,11,0,236\n\n
RX: Ss65.7,11,0,236
RX RAW: Ss
RX RAW: 65.7,8,1,254\n\n
RX: Ss65.7,8,1,254
RX RAW: Ss
RX RAW: 65.9,12,1,236\n\n
RX: Ss65.9,12,1,236
RX RAW: Ss
RX RAW: 65.9,9,1,236\n\n
RX: Ss65.9,9,1,236
RX RAW: Ss
RX RAW: 66.0,10,1,236\n\n
RX: Ss66.0,10,1,236
RX RAW: Ss
RX RAW: 65.9,9,1,236\n\n
RX: Ss65.9,9,1,236
RX RAW: Ss
RX RAW: 65.7,11,0,236\n\n
RX: Ss65.7,11,0,236
RX RAW: Ss
RX RAW: 65.7,12,1,236\n\n
RX: Ss65.7,12,1,236
RX RAW: Ss
RX RAW: 65.6,10,0,236\n\n
RX: Ss65.6,10,0,236
RX RAW: Ss
RX RAW: 65.6,12,1,236\n\n
RX: Ss65.6,12,1,236
RX RAW: Ss
RX RAW: 65.9,11,1,236\n\n
RX: Ss65.9,11,1,236
RX RAW: Ss
RX RAW: 66.0,9,0,236\n\n
RX: Ss66.0,9,0,236
RX RAW: Ss
RX RAW: 65.8,10,0,236\n\n
RX: Ss65.8,10,0,236
RX RAW: Ss
RX RAW: 65.8,11,1,236\n\n
RX: Ss65.8,11,1,236
RX RAW: Ss
RX RAW: 65.9,10,0,236\n\n
RX: Ss65.9,10,0,236
RX RAW: Ss
RX RAW: 66.0,11,0,236\n\n
RX: Ss66.0,11,0,236
RX RAW: Ss
RX RAW: 65.8,12,1,236\n\n
RX: Ss65.8,12,1,236
RX RAW: Ss
RX RAW: 65.9,7,0,236\n\n
RX: Ss65.9,7,0,236
RX RAW: Ss
RX RAW: 66.2,11,1,236\n\n
RX: Ss66.2,11,1,236
RX RAW: Ss
RX RAW: 65.9,6,1,236\n\nSs65.6,11,1,236\n\nSs65.8,11,1,236\n\nSs65.8,11,1,236\n\nSs66.0,6,0,236\n\nSs66.2,13,1,236\n\nSs66.0,9,1,236\n\nSs65.9,12,0,236\n\nSs66.0,11,0,236\n\nSs66.1,8,0,236\n\nSs66.2,12,1,236\n\nSs66.0,8,0,236\n\nSs65.7,9,0,236\n\nSs65.6,7,1,236\n\n
RX: Ss65.9,6,1,236
RX: Ss65.6,11,1,236
RX: Ss65.8,11,1,236
RX: Ss65.8,11,1,236
RX: Ss66.0,6,0,236
RX: Ss66.2,13,1,236
RX: Ss66.0,9,1,236
RX: Ss65.9,12,0,236
RX: Ss66.0,11,0,236
RX: Ss66.1,8,0,236
RX: Ss66.2,12,1,236
RX: Ss66.0,8,0,236
RX: Ss65.7,9,0,236
RX: Ss65.6,7,1,236
RX RAW: Ss65.8,10,0,236\n\n
RX: Ss65.8,10,0,236
RX RAW: Ss
RX RAW: 65.9,11,0,236\n\n
RX: Ss65.9,11,0,236
RX RAW: Ss
RX RAW: 65.7,7,0,236\n\n
RX: Ss65.7,7,0,236
RX RAW: Ss
RX RAW: 65.7,9,1,236\n\n
RX: Ss65.7,9,1,236
RX RAW: Ss
RX RAW: 65.9,13,1,236\n\n
RX: Ss65.9,13,1,236
RX RAW: Ss
RX RAW: 65.8,11,1,236\n\n
RX: Ss65.8,11,1,236
RX RAW: Ss
RX RAW: 65.7,11,0,236\n\n
RX: Ss65.7,11,0,236
RX RAW: Ss
RX RAW: 65.8,11,0,236\n\n
RX: Ss65.8,11,0,236
RX RAW: Ss
RX RAW: 66.0,8,0,236\n\n
RX: Ss66.0,8,0,236
RX RAW: Ss
RX RAW: 66.1,9,1,236\n\n
RX: Ss66.1,9,1,236
RX RAW: Ss
RX RAW: 66.0,8,1,236\n\n
RX: Ss66.0,8,1,236
RX RAW: Ss
RX RAW: 65.9,10,1,236\n\n
RX: Ss65.9,10,1,236
RX RAW: Ss
RX RAW: 65.9,11,1,236\n\n
RX: Ss65.9,11,1,236
RX RAW: Ss
RX RAW: 65.9,10,0,236\n\n
RX: Ss65.9,10,0,236
RX RAW: Ss
RX RAW: 65.8,12,1,236\n\n
RX: Ss65.8,12,1,236
RX RAW: Ss
RX RAW: 65.8,10,1,254\n\n
RX: Ss65.8,10,1,254
RX RAW: Ss
RX RAW: 65.8,10,0,236\n\n
RX: Ss65.8,10,0,236
RX RAW: Ss
RX RAW: 65.9,7,0,236\n\n
RX: Ss65.9,7,0,236
RX RAW: Ss
RX RAW: 65.9,10,0,236\n\n
RX: Ss65.9,10,0,236
RX RAW: Ss
RX RAW: 66.0,11,1,236\n\n
RX: Ss66.0,11,1,236
RX RAW: Ss
RX RAW: 65.9,11,1,236\n\n
RX: Ss65.9,11,1,236
RX RAW: Ss
RX RAW: 65.7,8,1,236\n\n
RX: Ss65.7,8,1,236
RX RAW: Ss
RX RAW: 65.6,8,1,236\n\n
RX: Ss65.6,8,1,236
RX RAW: Ss
RX RAW: 65.5,10,1,236\n\n
RX: Ss65.5,10,1,236
RX RAW: Ss
RX RAW: 65.8,12,0,236\n\n
RX: Ss65.8,12,0,236
RX RAW: Ss
RX RAW: 66.0,13,1,236\n\n
RX: Ss66.0,13,1,236
RX RAW: Ss
RX RAW: 65.9,9,1,236\n\n
RX: Ss65.9,9,1,236
RX RAW: Ss
RX RAW: 66.0,10,2,254\n\n
RX: Ss66.0,10,2,254
RX RAW: Ss
RX RAW: 65.9,7,0,236\n\n
RX: Ss65.9,7,0,236
RX RAW: Ss
RX RAW: 65.9,11,0,236\n\n
RX: Ss65.9,11,0,236
RX RAW: Ss
RX RAW: 65.9,11,1,236\n\n
RX: Ss65.9,11,1,236
RX RAW: Ss
RX RAW: 66.0,9,1,236\n\n
RX: Ss66.0,9,1,236
RX RAW: Ss
RX RAW: 66.0,9,1,236\n\n
RX: Ss66.0,9,1,236
RX RAW: Ss
RX RAW: 65.9,7,0,236\n\n
RX: Ss65.9,7,0,236
RX RAW: Ss
RX RAW: 65.9,10,1,236\n\n
RX: Ss65.9,10,1,236
RX RAW: Ss
RX RAW: 65.8,12,0,236\n\n
RX: Ss65.8,12,0,236
RX RAW: Ss
RX RAW: 65.8,9,1,236\n\n
RX: Ss65.8,9,1,236
RX RAW: Ss
RX RAW: 65.8,9,1,236\n\n
RX: Ss65.8,9,1,236
RX RAW: Ss
RX RAW: 65.9,11,1,236\n\n
RX: Ss65.9,11,1,236
RX RAW: Ss
RX RAW: 65.9,9,0,236\n\n
RX: Ss65.9,9,0,236
RX RAW: Ss
RX RAW: 65.9,16,1,236\n\n
RX: Ss65.9,16,1,236
RX RAW: Ss
RX RAW: 65.8,7,1,236\n\n
RX: Ss65.8,7,1,236
RX RAW: Ss
RX RAW: 66.0,11,1,236\n\n
RX: Ss66.0,11,1,236
RX RAW: Ss
RX RAW: 65.9,10,0,236\n\n
RX: Ss65.9,10,0,236
RX RAW: Ss
RX RAW: 65.9,12,0,236\n\n
RX: Ss65.9,12,0,236
RX RAW: Ss
RX RAW: 65.8,10,1,236\n\n
RX: Ss65.8,10,1,236
RX RAW: Ss
RX RAW: 65.9,11,0,236\n\n
RX: Ss65.9,11,0,236
RX RAW: Ss
RX RAW: 65.9,7,0,236\n\n
RX: Ss65.9,7,0,236
RX RAW: Ss
RX RAW: 66.0,8,0,236\n\n
RX: Ss66.0,8,0,236
RX RAW: Ss
RX RAW: 66.2,13,0,236\n\n
RX: Ss66.2,13,0,236
RX RAW: Ss
RX RAW: 66.2,12,1,236\n\n
RX: Ss66.2,12,1,236
RX RAW: Ss
RX RAW: 66.0,9,1,236\n\n
RX: Ss66.0,9,1,236
RX RAW: Ss
RX RAW: 66.1,10,1,236\n\n
RX: Ss66.1,10,1,236
RX RAW: Ss
RX RAW: 65.9,12,1,236\n\n
RX: Ss65.9,12,1,236
RX RAW: Ss
RX RAW: 65.7,8,0,236\n\n
RX: Ss65.7,8,0,236
RX RAW: Ss
RX RAW: 65.7,7,0,236\n\n
RX: Ss65.7,7,0,236
RX RAW: Ss
RX RAW: 65.6,12,0,236\n\n
RX: Ss65.6,12,0,236
RX RAW: Ss
RX RAW: 65.7,9,0,236\n\n
RX: Ss65.7,9,0,236
RX RAW: Ss
RX RAW: 65.7,9,1,236\n\n
RX: Ss65.7,9,1,236
RX RAW: Ss
RX RAW: 65.8,11,1,236\n\n
RX: Ss65.8,11,1,236
RX RAW: Ss
RX RAW: 65.8,9,0,236\n\n
RX: Ss65.8,9,0,236
RX RAW: Ss
RX RAW: 65.7,8,0,236\n\n
RX: Ss65.7,8,0,236
RX RAW: Ss
RX RAW: 65.9,13,0,236\n\n
RX: Ss65.9,13,0,236
RX RAW: Ss
RX RAW: 65.9,9,1,236\n\n
RX: Ss65.9,9,1,236
TCP TX: C1
RX RAW: C1\n
RX: C1
RX RAW: M0\nT106950\n
RX: M0
RX: T106950
FREQUENCY SAVED: 106950
RX RAW: C0\n
RX: C0
RX RAW: Ss66.8,13,3,133\n\n
RX: Ss66.8,13,3,133
RX RAW: M0\nT106900\n
RX: M0
RX: T106900
FREQUENCY SAVED: 106900
RX RAW: Ss
RX RAW: 63.5,29,20,97\n\n
RX: Ss63.5,29,20,97
RX RAW: M0\nT106850\n
RX: M0
RX: T106850
FREQUENCY SAVED: 106850
RX RAW: Sm
RX RAW: 61.2,24,38,168\n\n
RX: Sm61.2,24,38,168
RX RAW: M0\nT106800\n
RX: M0
RX: T106800
FREQUENCY SAVED: 106800
RX RAW: Sm
RX RAW: 59.4,28,24,168\n\n
RX: Sm59.4,28,24,168
RX RAW: M0\nT106750\n
RX: M0
RX: T106750
FREQUENCY SAVED: 106750
RX RAW: Ss
RX RAW: 57.5,34,41,168\n\n
RX: Ss57.5,34,41,168
RX RAW: M0\nT106700\n
RX: M0
RX: T106700
FREQUENCY SAVED: 106700
RX RAW: Sm
RX RAW: 54.9,25,8,84\n\n
RX: Sm54.9,25,8,84
RX RAW: M0\nT106650\n
RX: M0
RX: T106650
FREQUENCY SAVED: 106650
RX RAW: Ss
RX RAW: 51.2,34,20,56\n\n
RX: Ss51.2,34,20,56
RX RAW: M0\nT106600\n
RX: M0
RX: T106600
FREQUENCY SAVED: 106600
RX RAW: Ss
RX RAW: 48.5,25,34,133\n\n
RX: Ss48.5,25,34,133
RX RAW: M0\nT106550\n
RX: M0
RX: T106550
FREQUENCY SAVED: 106550
RX RAW: Sm
RX RAW: 46.0,27,37,168\n\n
RX: Sm46.0,27,37,168
RX RAW: M0\nT106500\n
RX: M0
RX: T106500
FREQUENCY SAVED: 106500
RX RAW: Sm
RX RAW: 43.5,24,37,168\n\n
RX: Sm43.5,24,37,168
RX RAW: M0\nT106450\n
RX: M0
RX: T106450
FREQUENCY SAVED: 106450
RX RAW: Sm
RX RAW: 41.2,30,39,168\n\n
RX: Sm41.2,30,39,168
RX RAW: M0\nT106400\n
RX: M0
RX: T106400
FREQUENCY SAVED: 106400
RX RAW: Sm
RX RAW: 38.8,25,33,97\n\n
RX: Sm38.8,25,33,97
RX RAW: M0\nT106350\n
RX: M0
RX: T106350
FREQUENCY SAVED: 106350
RX RAW: Sm
RX RAW: 36.6,39,11,56\n\n
RX: Sm36.6,39,11,56
RX RAW: M0\nT106300\n
RX: M0
RX: T106300
FREQUENCY SAVED: 106300
RX RAW: Ss
RX RAW: 36.7,67,20,217\n\n
RX: Ss36.7,67,20,217
RX RAW: M0\nT106250\n
RX: M0
RX: T106250
FREQUENCY SAVED: 106250
RX RAW: Ss
RX RAW: 37.3,50,15,168\n\n
RX: Ss37.3,50,15,168
RX RAW: M0\nT106200\n
RX: M0
RX: T106200
FREQUENCY SAVED: 106200
RX RAW: Sm
RX RAW: 35.1,30,27,64\n\n
RX: Sm35.1,30,27,64
RX RAW: M0\nT106150\n
RX: M0
RX: T106150
FREQUENCY SAVED: 106150
RX RAW: Sm
RX RAW: 33.8,26,33,133\n\n
RX: Sm33.8,26,33,133
RX RAW: M0\nT106100\n
RX: M0
RX: T106100
FREQUENCY SAVED: 106100
RX RAW: Sm
RX RAW: 32.3,43,18,56\n\n
RX: Sm32.3,43,18,56
RX RAW: M0\nT106050\n
RX: M0
RX: T106050
FREQUENCY SAVED: 106050
RX RAW: Ss
RX RAW: 34.1,24,4,114\n\n
RX: Ss34.1,24,4,114
RX RAW: M0\nT106000\n
RX: M0
RX: T106000
FREQUENCY SAVED: 106000
RX RAW: Ss
RX RAW: 36.3,9,1,236\n\n
RX: Ss36.3,9,1,236
RX RAW: Ss
RX RAW: 40.2,5,1,236\n\n
RX: Ss40.2,5,1,236
RX RAW: Ss
RX RAW: 41.7,10,1,236\n\n
RX: Ss41.7,10,1,236
RX RAW: Ss
RX RAW: 43.1,9,1,236\n\n
RX: Ss43.1,9,1,236
RX RAW: Ss
RX RAW: 44.4,6,1,236\n\n
RX: Ss44.4,6,1,236
RX RAW: Ss
RX RAW: 45.5,8,1,236\n\n
RX: Ss45.5,8,1,236
RX RAW: Ss
FREQUENCY SAVED: 106000
RX RAW: 47.3,12,1,236\n\n
RX: Ss47.3,12,1,236
RX RAW: Ss
RX RAW: 48.8,7,2,236\n\n
RX: Ss48.8,7,2,236
RX RAW: Ss
RX RAW: 50.1,6,1,236\n\n
RX: Ss50.1,6,1,236
RX RAW: Ss
RX RAW: 51.0,12,2,236\n\n
RX: Ss51.0,12,2,236
RX RAW: Ss
RX RAW: 51.6,12,1,236\n\n
RX: Ss51.6,12,1,236
RX RAW: Ss
RX RAW: 52.2,13,1,236\n\n
RX: Ss52.2,13,1,236
RX RAW: Ss
RX RAW: 52.9,11,2,236\n\n
RX: Ss52.9,11,2,236
RX RAW: Ss
RX RAW: 53.4,13,1,236\n\n
RX: Ss53.4,13,1,236
RX RAW: Ss
RX RAW: 53.8,9,1,236\n\n
RX: Ss53.8,9,1,236
RX RAW: Ss
RX RAW: 54.1,7,1,236\n\n
RX: Ss54.1,7,1,236
RX RAW: Ss
RX RAW: 54.4,7,1,236\n\n
RX: Ss54.4,7,1,236
RX RAW: Ss
RX RAW: 54.4,9,1,236\n\n
RX: Ss54.4,9,1,236
RX RAW: Ss
RX RAW: 54.5,8,1,236\n\n
RX: Ss54.5,8,1,236
RX RAW: Ss
RX RAW: 54.7,5,1,236\n\n
RX: Ss54.7,5,1,236
RX RAW: Ss
RX RAW: 54.9,6,1,236\n\n
RX: Ss54.9,6,1,236
RX RAW: Ss
RX RAW: 54.9,8,1,236\n\n
RX: Ss54.9,8,1,236
RX RAW: Ss
RX RAW: 55.0,11,1,236\n\n
RX: Ss55.0,11,1,236
RX RAW: Ss
RX RAW: 55.1,10,1,236\n\n
RX: Ss55.1,10,1,236
RX RAW: Ss
RX RAW: 55.2,9,1,236\n\n
RX: Ss55.2,9,1,236
RX RAW: Ss
RX RAW: 55.2,6,1,236\n\n
RX: Ss55.2,6,1,236
RX RAW: Ss
RX RAW: 55.0,13,1,236\n\n
RX: Ss55.0,13,1,236
RX RAW: Ss
RX RAW: 54.9,11,1,236\n\n
RX: Ss54.9,11,1,236
RX RAW: Ss
RX RAW: 54.7,14,2,236\n\n
RX: Ss54.7,14,2,236
RX RAW: Ss
RX RAW: 54.7,7,1,236\n\n
RX: Ss54.7,7,1,236
RX RAW: Ss
RX RAW: 54.7,12,1,236\n\n
RX: Ss54.7,12,1,236
RX RAW: Ss
RX RAW: 54.9,8,1,236\n\n
RX: Ss54.9,8,1,236
RX RAW: Ss
RX RAW: 54.7,9,2,236\n\n
RX: Ss54.7,9,2,236
RX RAW: Ss
RX RAW: 54.8,6,1,236\n\n
RX: Ss54.8,6,1,236
RX RAW: Ss
RX RAW: 54.4,15,2,236\n\n
RX: Ss54.4,15,2,236
RX RAW: Ss
RX RAW: 54.7,5,1,236\n\n
RX: Ss54.7,5,1,236
RX RAW: Ss
RX RAW: 54.8,9,2,236\n\n
RX: Ss54.8,9,2,236
RX RAW: Ss
RX RAW: 54.9,10,1,236\n\n
RX: Ss54.9,10,1,236
RX RAW: Ss
RX RAW: 55.0,7,1,236\n\n
RX: Ss55.0,7,1,236
RX RAW: Ss
RX RAW: 55.0,6,1,236\n\n
RX: Ss55.0,6,1,236
RX RAW: Ss
RX RAW: 54.8,6,1,236\n\n
RX: Ss54.8,6,1,236
RX RAW: Ss
RX RAW: 54.7,8,1,236\n\n
RX: Ss54.7,8,1,236
RX RAW: Ss
RX RAW: 54.9,8,1,236\n\n
RX: Ss54.9,8,1,236
RX RAW: Ss
RX RAW: 54.9,11,2,236\n\n
RX: Ss54.9,11,2,236
RX RAW: Ss
RX RAW: 54.7,6,1,236\n\n
RX: Ss54.7,6,1,236
RX RAW: Ss
RX RAW: 54.8,5,1,236\n\n
RX: Ss54.8,5,1,236
RX RAW: Ss
RX RAW: 54.7,9,1,236\n\n
RX: Ss54.7,9,1,236
RX RAW: Ss
RX RAW: 54.8,7,1,236\n\n
RX: Ss54.8,7,1,236
RX RAW: Ss
RX RAW: 55.0,8,1,236\n\n
RX: Ss55.0,8,1,236
RX RAW: Ss
RX RAW: 54.8,10,2,236\n\n
RX: Ss54.8,10,2,236
RX RAW: Ss
RX RAW: 55.0,7,1,236\n\n
RX: Ss55.0,7,1,236
RX RAW: Ss
RX RAW: 55.0,6,1,236\n\n
RX: Ss55.0,6,1,236
RX RAW: Ss
RX RAW: 55.1,7,1,236\n\n
RX: Ss55.1,7,1,236
RX RAW: Ss
RX RAW: 54.8,10,2,236\n\n
RX: Ss54.8,10,2,236
RX RAW: Ss
RX RAW: 54.8,10,2,236\n\n
RX: Ss54.8,10,2,236
RX RAW: Ss
RX RAW: 54.9,9,1,236\n\n
RX: Ss54.9,9,1,236
RX RAW: Ss
RX RAW: 54.9,8,2,236\n\n
RX: Ss54.9,8,2,236
RX RAW: Ss
RX RAW: 54.9,11,1,236\n\n
RX: Ss54.9,11,1,236
RX RAW: Ss
RX RAW: 54.9,8,2,236\n\n
RX: Ss54.9,8,2,236
RX RAW: Ss
RX RAW: 55.0,8,1,236\n\n
RX: Ss55.0,8,1,236
RX RAW: Ss
RX RAW: 54.9,9,2,236\n\n
RX: Ss54.9,9,2,236
RX RAW: Ss
RX RAW: 54.9,6,2,236\n\n
RX: Ss54.9,6,2,236
RX RAW: Ss
RX RAW: 54.8,11,2,236\n\n
RX: Ss54.8,11,2,236
RX RAW: Ss
RX RAW: 54.7,9,2,236\n\n
RX: Ss54.7,9,2,236
RX RAW: Ss
RX RAW: 54.6,12,1,236\n\n
RX: Ss54.6,12,1,236
RX RAW: Ss
RX RAW: 54.8,8,1,236\n\n
RX: Ss54.8,8,1,236
RX RAW: Ss
RX RAW: 54.7,11,1,236\n\n
RX: Ss54.7,11,1,236
RX RAW: Ss
RX RAW: 54.8,15,1,236\n\n
RX: Ss54.8,15,1,236
RX RAW: Ss
RX RAW: 54.9,10,1,236\n\n
RX: Ss54.9,10,1,236
RX RAW: Ss
RX RAW: 55.0,5,1,236\n\n
RX: Ss55.0,5,1,236
RX RAW: Ss
RX RAW: 55.0,9,1,236\n\n
RX: Ss55.0,9,1,236
RX RAW: Ss
RX RAW: 54.9,11,1,236\n\n
RX: Ss54.9,11,1,236
RX RAW: Ss
RX RAW: 55.0,14,1,236\n\n
RX: Ss55.0,14,1,236
RX RAW: Ss
TCP TX: C1
RX RAW: 55.0,9,1,236\n\n
RX: Ss55.0,9,1,236
RX RAW: C1\n
RX: C1
RX RAW: M0\nT105950\n
RX: M0
RX: T105950
FREQUENCY SAVED: 105950
RX RAW: C0\n
RX: C0
RX RAW: Ss54.9,8,2,133\n\n
RX: Ss54.9,8,2,133
RX RAW: M0\nT105900\n
RX: M0
RX: T105900
FREQUENCY SAVED: 105900
RX RAW: Sm
RX RAW: 52.1,35,18,64\n\n
RX: Sm52.1,35,18,64
RX RAW: M0\nT105850\n
RX: M0
RX: T105850
FREQUENCY SAVED: 105850
RX RAW: Sm
RX RAW: 49.4,24,48,168\n\n
RX: Sm49.4,24,48,168
RX RAW: M0\nT105800\n
RX: M0
RX: T105800
FREQUENCY SAVED: 105800
RX RAW: Sm
RX RAW: 47.0,20,65,168\n\n
RX: Sm47.0,20,65,168
RX RAW: M0\nT105750\n
RX: M0
RX: T105750
FREQUENCY SAVED: 105750
RX RAW: Sm
RX RAW: 45.1,24,36,168\n\n
RX: Sm45.1,24,36,168
RX RAW: M0\nT105700\n
RX: M0
RX: T105700
FREQUENCY SAVED: 105700
RX RAW: Sm
RX RAW: 43.4,24,31,151\n\n
RX: Sm43.4,24,31,151
RX RAW: M0\nT105650\n
RX: M0
RX: T105650
FREQUENCY SAVED: 105650
RX RAW: Sm
RX RAW: 41.5,23,36,114\n\n
RX: Sm41.5,23,36,114
RX RAW: M0\nT105600\n
RX: M0
RX: T105600
FREQUENCY SAVED: 105600
RX RAW: Ss
RX RAW: 39.7,27,6,56\n\n
RX: Ss39.7,27,6,56
RX RAW: M0\nT105550\n
RX: M0
RX: T105550
FREQUENCY SAVED: 105550
RX RAW: Sm
RX RAW: 40.5,2,6,184\n\n
RX: Sm40.5,2,6,184
RX RAW: M0\nT105500\n
RX: M0
RX: T105500
FREQUENCY SAVED: 105500
RX RAW: Sm
RX RAW: 41.3,6,13,311\n\n
RX: Sm41.3,6,13,311
RX RAW: Sm
RX RAW: 42.6,3,5,236\n\n
RX: Sm42.6,3,5,236
RX RAW: Sm
RX RAW: 43.2,3,5,236\n\n
RX: Sm43.2,3,5,236
RX RAW: Sm
RX RAW: 43.8,4,3,236\n\n
RX: Sm43.8,4,3,236
RX RAW: Sm
RX RAW: 45.0,5,4,236\n\n
RX: Sm45.0,5,4,236
RX RAW: Sm
RX RAW: 46.1,2,3,236\n\n
RX: Sm46.1,2,3,236
FREQUENCY SAVED: 105500
RX RAW: Sm
RX RAW: 46.8,3,3,236\n\n
RX: Sm46.8,3,3,236
RX RAW: Sm
RX RAW: 47.3,3,5,236\n\n
RX: Sm47.3,3,5,236
RX RAW: Sm
RX RAW: 47.8,3,4,236\n\n
RX: Sm47.8,3,4,236
RX RAW: Sm
RX RAW: 47.9,4,16,311\n\n
RX: Sm47.9,4,16,311
RX RAW: Sm
RX RAW: 48.2,4,4,236\n\n
RX: Sm48.2,4,4,236
RX RAW: Sm
RX RAW: 48.2,3,7,236\n\n
RX: Sm48.2,3,7,236
RX RAW: Sm
RX RAW: 48.6,4,8,311\n\n
RX: Sm48.6,4,8,311
RX RAW: Sm
RX RAW: 48.8,3,3,236\n\n
RX: Sm48.8,3,3,236
RX RAW: Sm
RX RAW: 48.8,4,5,236\n\n
RX: Sm48.8,4,5,236
RX RAW: Sm
RX RAW: 48.5,11,5,254\n\n
RX: Sm48.5,11,5,254
RX RAW: Sm
RX RAW: 48.7,9,8,311\n\n
RX: Sm48.7,9,8,311
RX RAW: Sm
RX RAW: 48.9,4,4,236\n\n
RX: Sm48.9,4,4,236
RX RAW: Sm
RX RAW: 49.1,4,9,311\n\n
RX: Sm49.1,4,9,311
RX RAW: Sm
RX RAW: 48.9,4,8,287\n\n
RX: Sm48.9,4,8,287
RX RAW: Sm
RX RAW: 49.2,4,4,236\n\n
RX: Sm49.2,4,4,236
TCP TX: C1
RX RAW: C1\n
RX: C1
RX RAW: M0\nT105450\n
RX: M0
RX: T105450
FREQUENCY SAVED: 105450
RX RAW: C0\n
RX: C0
RX RAW: Sm34.2,7,19,114\n\n
RX: Sm34.2,7,19,114
RX RAW: M0\nT105400\n
RX: M0
RX: T105400
FREQUENCY SAVED: 105400
RX RAW: Sm
RX RAW: 46.5,29,22,64\n\n
RX: Sm46.5,29,22,64
RX RAW: M0\nT105350\n
RX: M0
RX: T105350
FREQUENCY SAVED: 105350
RX RAW: Sm
RX RAW: 45.1,24,16,133\n\n
RX: Sm45.1,24,16,133
RX RAW: M0\nT105300\n
RX: M0
RX: T105300
FREQUENCY SAVED: 105300
RX RAW: Ss
RX RAW: 44.0,18,29,168\n\n
RX: Ss44.0,18,29,168
RX RAW: M0\nT105250\n
RX: M0
RX: T105250
FREQUENCY SAVED: 105250
RX RAW: Sm
RX RAW: 42.9,20,32,151\n\n
RX: Sm42.9,20,32,151
RX RAW: M0\nT105200\n
RX: M0
RX: T105200
FREQUENCY SAVED: 105200
RX RAW: Sm
RX RAW: 40.5,33,22,72\n\n
RX: Sm40.5,33,22,72
RX RAW: Sm
RX RAW: 38.1,30,20,64\n\n
RX: Sm38.1,30,20,64
RX RAW: Sm
RX RAW: 36.9,26,13,56\n\n
RX: Sm36.9,26,13,56
RX RAW: Sm
RX RAW: 35.0,35,12,56\n\n
RX: Sm35.0,35,12,56
RX RAW: Sm
RX RAW: 33.2,16,10,56\n\n
RX: Sm33.2,16,10,56
RX RAW: Sm
RX RAW: 31.8,29,17,56\n\n
RX: Sm31.8,29,17,56
RX RAW: Sm
FREQUENCY SAVED: 105200
RX RAW: 30.4,28,21,56\n\n
RX: Sm30.4,28,21,56
RX RAW: Sm
RX RAW: 28.2,17,17,56\n\n
RX: Sm28.2,17,17,56
RX RAW: Sm
RX RAW: 27.8,18,15,56\n\n
RX: Sm27.8,18,15,56
RX RAW: Sm
RX RAW: 27.6,21,13,56\n\n
RX: Sm27.6,21,13,56
TCP TX: C1
RX RAW: C1\n
RX: C1
RX RAW: M0\nT105150\nC0\nSm57.9,17,5,133\n\n
RX: M0
RX: T105150
FREQUENCY SAVED: 105150
RX: C0
RX: Sm57.9,17,5,133
RX RAW: M0\nT105100\n
RX: M0
RX: T105100
FREQUENCY SAVED: 105100
RX RAW: Ss
RX RAW: 29.4,2,3,236\n\n
RX: Ss29.4,2,3,236
RX RAW: Ss
RX RAW: 32.3,2,1,236\n\n
RX: Ss32.3,2,1,236
RX RAW: Ss
RX RAW: 34.9,3,5,236\n\n
RX: Ss34.9,3,5,236
RX RAW: Ss
RX RAW: 37.2,2,1,236\n\n
RX: Ss37.2,2,1,236
RX RAW: Ss
RX RAW: 41.2,3,1,236\n\n
RX: Ss41.2,3,1,236
RX RAW: Ss
RX RAW: 44.3,3,4,236\n\n
RX: Ss44.3,3,4,236
FREQUENCY SAVED: 105100
RX RAW: Ss
RX RAW: 46.9,2,2,236\n\n
RX: Ss46.9,2,2,236
RX RAW: Ss
RX RAW: 48.9,3,2,236\n\n
RX: Ss48.9,3,2,236
RX RAW: Ss
RX RAW: 50.6,2,2,236\n\n
RX: Ss50.6,2,2,236
RX RAW: Ss
RX RAW: 51.9,3,2,236\n\n
RX: Ss51.9,3,2,236
RX RAW: Ss
RX RAW: 53.0,3,2,236\n\n
RX: Ss53.0,3,2,236
RX RAW: Ss
RX RAW: 53.9,3,2,236\n\n
RX: Ss53.9,3,2,236
RX RAW: Ss
RX RAW: 54.7,3,2,236\n\n
RX: Ss54.7,3,2,236
RX RAW: Ss
RX RAW: 55.3,4,3,236\n\n
RX: Ss55.3,4,3,236
RX RAW: Ss
RX RAW: 55.7,3,2,236\n\n
RX: Ss55.7,3,2,236
RX RAW: Ss
RX RAW: 56.2,3,2,236\n\n
RX: Ss56.2,3,2,236
RX RAW: Ss
RX RAW: 56.6,2,1,236\n\n
RX: Ss56.6,2,1,236
RX RAW: Ss
RX RAW: 57.0,3,2,236\n\n
RX: Ss57.0,3,2,236
RX RAW: Ss
RX RAW: 57.2,2,2,236\n\n
RX: Ss57.2,2,2,236
RX RAW: Ss
RX RAW: 57.4,3,4,236\n\n
RX: Ss57.4,3,4,236
RX RAW: Ss
RX RAW: 57.5,2,2,236\n\n
RX: Ss57.5,2,2,236
RX RAW: Ss
RX RAW: 57.7,2,2,236\n\n
RX: Ss57.7,2,2,236
RX RAW: Ss
RX RAW: 57.7,2,1,236\n\n
RX: Ss57.7,2,1,236
RX RAW: Ss
RX RAW: 57.8,2,1,236\n\n
RX: Ss57.8,2,1,236
RX RAW: Ss
RX RAW: 57.8,5,5,236\n\n
RX: Ss57.8,5,5,236
RX RAW: Ss
RX RAW: 57.8,3,1,236\n\n
RX: Ss57.8,3,1,236
RX RAW: Ss
RX RAW: 57.9,3,4,236\n\n
RX: Ss57.9,3,4,236
RX RAW: Ss
RX RAW: 57.9,2,1,236\n\n
RX: Ss57.9,2,1,236
RX RAW: Ss
RX RAW: 57.9,2,1,236\n\n
RX: Ss57.9,2,1,236
RX RAW: Ss
RX RAW: 58.0,2,1,236\n\n
RX: Ss58.0,2,1,236
RX RAW: Ss
RX RAW: 58.0,2,2,236\n\n
RX: Ss58.0,2,2,236
RX RAW: Ss
RX RAW: 58.0,2,3,236\n\n
RX: Ss58.0,2,3,236
RX RAW: Ss
RX RAW: 58.0,2,6,236\n\n
RX: Ss58.0,2,6,236
RX RAW: Ss
RX RAW: 58.1,3,2,236\n\n
RX: Ss58.1,3,2,236
RX RAW: Ss
RX RAW: 58.1,2,2,236\n\n
RX: Ss58.1,2,2,236
RX RAW: Ss
RX RAW: 58.1,3,1,236\n\n
RX: Ss58.1,3,1,236
RX RAW: Ss
RX RAW: 58.1,6,5,236\n\n
RX: Ss58.1,6,5,236
RX RAW: Ss
RX RAW: 58.2,2,1,236\n\n
RX: Ss58.2,2,1,236
RX RAW: Ss
RX RAW: 58.2,4,3,236\n\n
RX: Ss58.2,4,3,236
RX RAW: Ss
RX RAW: 58.2,3,1,236\n\n
RX: Ss58.2,3,1,236
RX RAW: Ss
RX RAW: 58.3,3,3,236\n\n
RX: Ss58.3,3,3,236
RX RAW: Ss
RX RAW: 58.4,2,1,236\n\n
RX: Ss58.4,2,1,236
RX RAW: Ss
RX RAW: 58.4,3,3,236\n\n
RX: Ss58.4,3,3,236
RX RAW: Ss
RX RAW: 58.4,3,1,236\n\n
RX: Ss58.4,3,1,236
RX RAW: Ss
RX RAW: 58.5,2,3,236\n\n
RX: Ss58.5,2,3,236
RX RAW: Ss
RX RAW: 58.5,2,1,236\n\n
RX: Ss58.5,2,1,236
RX RAW: Ss
RX RAW: 58.5,3,2,236\n\n
RX: Ss58.5,3,2,236
RX RAW: Ss
RX RAW: 58.5,3,3,236\n\n
RX: Ss58.5,3,3,236
RX RAW: Ss
RX RAW: 58.5,2,4,236\n\n
RX: Ss58.5,2,4,236
RX RAW: Ss
RX RAW: 58.4,2,2,236\n\n
RX: Ss58.4,2,2,236
RX RAW: Ss
RX RAW: 58.4,3,3,236\n\n
RX: Ss58.4,3,3,236
RX RAW: Ss
RX RAW: 58.4,4,3,236\n\n
RX: Ss58.4,4,3,236
RX RAW: Ss
RX RAW: 58.3,2,1,236\n\n
RX: Ss58.3,2,1,236
RX RAW: Ss
RX RAW: 58.3,2,2,236\n\n
RX: Ss58.3,2,2,236
RX RAW: Ss
RX RAW: 58.3,2,2,236\n\n
RX: Ss58.3,2,2,236
RX RAW: Ss
RX RAW: 58.2,3,3,236\n\n
RX: Ss58.2,3,3,236
RX RAW: Ss
RX RAW: 58.2,3,1,236\n\n
RX: Ss58.2,3,1,236
RX RAW: Ss
RX RAW: 58.1,3,1,236\n\n
RX: Ss58.1,3,1,236
TCP DISCONNECTED
